2026-02-19 05:30:47,817 - benchmark - INFO - Logging to logs/benchmark_20260219_053047.log
2026-02-19 05:30:47,818 - benchmark - INFO - Generating queries for benchmark=train, modes=['constant']
2026-02-19 05:30:47,818 - benchmark - INFO -   Mode: constant
2026-02-19 05:30:47,818 - benchmark - INFO -     tsm_factors=[0.8, 0.9, 1, 1.1, 1.25]
2026-02-19 05:30:47,824 - benchmark - ERROR - Error generating constant queries: Numba needs NumPy 1.24 or less
Traceback (most recent call last):
  File "/mnt/data0/slubis/PianoConcertoAccompaniment/benchmark.py", line 209, in cmd_queries
    query_generator.generateQueriesConstant(queries_root, tsm_factors)
  File "/mnt/data0/slubis/PianoConcertoAccompaniment/utils/query/query_generator.py", line 75, in generateQueriesConstant
    generate_tsm_audio_constant(orig_audio_file, tsm_audio_file, tsm_factor)
  File "/mnt/data0/slubis/PianoConcertoAccompaniment/utils/query/constant.py", line 23, in generate_tsm_audio_constant
    y, sr = lb.load(infile)
            ^^^^^^^
  File "/home/slubis/ttmp/anaconda/lib/python3.11/site-packages/lazy_loader/__init__.py", line 77, in __getattr__
    attr = getattr(submod, name)
           ^^^^^^^^^^^^^^^^^^^^^
  File "/home/slubis/ttmp/anaconda/lib/python3.11/site-packages/lazy_loader/__init__.py", line 76, in __getattr__
    submod = importlib.import_module(submod_path)
             ^^^^^^^^^^^^^^^^^^^^^^^^^^^^^^^^^^^^
  File "/home/slubis/ttmp/anaconda/lib/python3.11/importlib/__init__.py", line 126, in import_module
    return _bootstrap._gcd_import(name[level:], package, level)
           ^^^^^^^^^^^^^^^^^^^^^^^^^^^^^^^^^^^^^^^^^^^^^^^^^^^^
  File "<frozen importlib._bootstrap>", line 1204, in _gcd_import
  File "<frozen importlib._bootstrap>", line 1176, in _find_and_load
  File "<frozen importlib._bootstrap>", line 1147, in _find_and_load_unlocked
  File "<frozen importlib._bootstrap>", line 690, in _load_unlocked
  File "<frozen importlib._bootstrap_external>", line 940, in exec_module
  File "<frozen importlib._bootstrap>", line 241, in _call_with_frames_removed
  File "/home/slubis/ttmp/anaconda/lib/python3.11/site-packages/librosa/core/audio.py", line 18, in <module>
    from numba import jit, stencil, guvectorize
  File "/home/slubis/ttmp/anaconda/lib/python3.11/site-packages/numba/__init__.py", line 55, in <module>
    _ensure_critical_deps()
  File "/home/slubis/ttmp/anaconda/lib/python3.11/site-packages/numba/__init__.py", line 42, in _ensure_critical_deps
    raise ImportError("Numba needs NumPy 1.24 or less")
ImportError: Numba needs NumPy 1.24 or less
2026-02-19 05:30:47,826 - benchmark - ERROR - Fatal error: Numba needs NumPy 1.24 or less
Traceback (most recent call last):
  File "/mnt/data0/slubis/PianoConcertoAccompaniment/benchmark.py", line 768, in main
    dispatch[args.command](args, logger)
  File "/mnt/data0/slubis/PianoConcertoAccompaniment/benchmark.py", line 209, in cmd_queries
    query_generator.generateQueriesConstant(queries_root, tsm_factors)
  File "/mnt/data0/slubis/PianoConcertoAccompaniment/utils/query/query_generator.py", line 75, in generateQueriesConstant
    generate_tsm_audio_constant(orig_audio_file, tsm_audio_file, tsm_factor)
  File "/mnt/data0/slubis/PianoConcertoAccompaniment/utils/query/constant.py", line 23, in generate_tsm_audio_constant
    y, sr = lb.load(infile)
            ^^^^^^^
  File "/home/slubis/ttmp/anaconda/lib/python3.11/site-packages/lazy_loader/__init__.py", line 77, in __getattr__
    attr = getattr(submod, name)
           ^^^^^^^^^^^^^^^^^^^^^
  File "/home/slubis/ttmp/anaconda/lib/python3.11/site-packages/lazy_loader/__init__.py", line 76, in __getattr__
    submod = importlib.import_module(submod_path)
             ^^^^^^^^^^^^^^^^^^^^^^^^^^^^^^^^^^^^
  File "/home/slubis/ttmp/anaconda/lib/python3.11/importlib/__init__.py", line 126, in import_module
    return _bootstrap._gcd_import(name[level:], package, level)
           ^^^^^^^^^^^^^^^^^^^^^^^^^^^^^^^^^^^^^^^^^^^^^^^^^^^^
  File "<frozen importlib._bootstrap>", line 1204, in _gcd_import
  File "<frozen importlib._bootstrap>", line 1176, in _find_and_load
  File "<frozen importlib._bootstrap>", line 1147, in _find_and_load_unlocked
  File "<frozen importlib._bootstrap>", line 690, in _load_unlocked
  File "<frozen importlib._bootstrap_external>", line 940, in exec_module
  File "<frozen importlib._bootstrap>", line 241, in _call_with_frames_removed
  File "/home/slubis/ttmp/anaconda/lib/python3.11/site-packages/librosa/core/audio.py", line 18, in <module>
    from numba import jit, stencil, guvectorize
  File "/home/slubis/ttmp/anaconda/lib/python3.11/site-packages/numba/__init__.py", line 55, in <module>
    _ensure_critical_deps()
  File "/home/slubis/ttmp/anaconda/lib/python3.11/site-packages/numba/__init__.py", line 42, in _ensure_critical_deps
    raise ImportError("Numba needs NumPy 1.24 or less")
ImportError: Numba needs NumPy 1.24 or less
