2026-02-19 05:44:21,794 - benchmark - INFO - Logging to logs/benchmark_20260219_054421.log
2026-02-19 05:44:21,794 - benchmark - INFO - Running experiments: benchmark=train, systems=['DTW', 'NOA', 'NOA_MONOTONIC', 'OLTW']
2026-02-19 05:44:21,794 - benchmark - INFO -   Mode: constant (75 scenarios)
2026-02-19 05:44:21,794 - benchmark - INFO -     System: DTW
2026-02-19 05:44:21,798 - benchmark - DEBUG - Skipping experiments/train/constant/DTW/s1 — already exists
2026-02-19 05:44:21,798 - benchmark - DEBUG - Skipping experiments/train/constant/DTW/s2 — already exists
2026-02-19 05:44:21,798 - benchmark - DEBUG - Skipping experiments/train/constant/DTW/s3 — already exists
2026-02-19 05:44:21,798 - benchmark - DEBUG - Skipping experiments/train/constant/DTW/s4 — already exists
2026-02-19 05:44:21,798 - benchmark - DEBUG - Skipping experiments/train/constant/DTW/s5 — already exists
2026-02-19 05:44:21,798 - benchmark - DEBUG - Skipping experiments/train/constant/DTW/s6 — already exists
2026-02-19 05:44:21,798 - benchmark - DEBUG - Skipping experiments/train/constant/DTW/s7 — already exists
2026-02-19 05:44:21,798 - benchmark - DEBUG - Skipping experiments/train/constant/DTW/s8 — already exists
2026-02-19 05:44:21,798 - benchmark - DEBUG - Skipping experiments/train/constant/DTW/s9 — already exists
2026-02-19 05:44:21,798 - benchmark - DEBUG - Skipping experiments/train/constant/DTW/s10 — already exists
2026-02-19 05:44:21,798 - benchmark - DEBUG - Skipping experiments/train/constant/DTW/s11 — already exists
2026-02-19 05:44:21,798 - benchmark - DEBUG - Skipping experiments/train/constant/DTW/s12 — already exists
2026-02-19 05:44:21,798 - benchmark - DEBUG - Skipping experiments/train/constant/DTW/s13 — already exists
2026-02-19 05:44:21,798 - benchmark - DEBUG - Skipping experiments/train/constant/DTW/s14 — already exists
2026-02-19 05:44:21,798 - benchmark - DEBUG - Skipping experiments/train/constant/DTW/s15 — already exists
2026-02-19 05:44:21,798 - benchmark - DEBUG - Skipping experiments/train/constant/DTW/s16 — already exists
2026-02-19 05:44:21,798 - benchmark - DEBUG - Skipping experiments/train/constant/DTW/s17 — already exists
2026-02-19 05:44:21,798 - benchmark - DEBUG - Skipping experiments/train/constant/DTW/s18 — already exists
2026-02-19 05:44:21,798 - benchmark - DEBUG - Skipping experiments/train/constant/DTW/s19 — already exists
2026-02-19 05:44:21,798 - benchmark - DEBUG - Skipping experiments/train/constant/DTW/s20 — already exists
2026-02-19 05:44:21,798 - benchmark - DEBUG - Skipping experiments/train/constant/DTW/s21 — already exists
2026-02-19 05:44:21,798 - benchmark - DEBUG - Skipping experiments/train/constant/DTW/s22 — already exists
2026-02-19 05:44:21,799 - benchmark - DEBUG - Skipping experiments/train/constant/DTW/s23 — already exists
2026-02-19 05:44:21,799 - benchmark - DEBUG - Skipping experiments/train/constant/DTW/s24 — already exists
2026-02-19 05:44:21,799 - benchmark - DEBUG - Skipping experiments/train/constant/DTW/s25 — already exists
2026-02-19 05:44:21,799 - benchmark - DEBUG - Skipping experiments/train/constant/DTW/s26 — already exists
2026-02-19 05:44:21,799 - benchmark - DEBUG - Skipping experiments/train/constant/DTW/s27 — already exists
2026-02-19 05:44:21,799 - benchmark - DEBUG - Skipping experiments/train/constant/DTW/s28 — already exists
2026-02-19 05:44:21,799 - benchmark - DEBUG - Skipping experiments/train/constant/DTW/s29 — already exists
2026-02-19 05:44:21,799 - benchmark - DEBUG - Skipping experiments/train/constant/DTW/s30 — already exists
2026-02-19 05:44:21,799 - benchmark - DEBUG - Skipping experiments/train/constant/DTW/s31 — already exists
2026-02-19 05:44:21,799 - benchmark - DEBUG - Skipping experiments/train/constant/DTW/s32 — already exists
2026-02-19 05:44:21,799 - benchmark - DEBUG - Skipping experiments/train/constant/DTW/s33 — already exists
2026-02-19 05:44:21,799 - benchmark - DEBUG - Skipping experiments/train/constant/DTW/s34 — already exists
2026-02-19 05:44:21,799 - benchmark - DEBUG - Skipping experiments/train/constant/DTW/s35 — already exists
2026-02-19 05:44:21,799 - benchmark - DEBUG - Skipping experiments/train/constant/DTW/s36 — already exists
2026-02-19 05:44:21,799 - benchmark - DEBUG - Skipping experiments/train/constant/DTW/s37 — already exists
2026-02-19 05:44:21,799 - benchmark - DEBUG - Skipping experiments/train/constant/DTW/s38 — already exists
2026-02-19 05:44:21,799 - benchmark - DEBUG - Skipping experiments/train/constant/DTW/s39 — already exists
2026-02-19 05:44:21,799 - benchmark - DEBUG - Skipping experiments/train/constant/DTW/s40 — already exists
2026-02-19 05:44:21,799 - benchmark - DEBUG - Skipping experiments/train/constant/DTW/s41 — already exists
2026-02-19 05:44:21,799 - benchmark - DEBUG - Skipping experiments/train/constant/DTW/s42 — already exists
2026-02-19 05:44:21,799 - benchmark - DEBUG - Skipping experiments/train/constant/DTW/s43 — already exists
2026-02-19 05:44:21,799 - benchmark - DEBUG - Skipping experiments/train/constant/DTW/s44 — already exists
2026-02-19 05:44:21,799 - benchmark - DEBUG - Skipping experiments/train/constant/DTW/s45 — already exists
2026-02-19 05:44:21,799 - benchmark - DEBUG - Skipping experiments/train/constant/DTW/s46 — already exists
2026-02-19 05:44:21,799 - benchmark - DEBUG - Skipping experiments/train/constant/DTW/s47 — already exists
2026-02-19 05:44:21,799 - benchmark - DEBUG - Skipping experiments/train/constant/DTW/s48 — already exists
2026-02-19 05:44:21,799 - benchmark - DEBUG - Skipping experiments/train/constant/DTW/s49 — already exists
2026-02-19 05:44:21,799 - benchmark - DEBUG - Skipping experiments/train/constant/DTW/s50 — already exists
2026-02-19 05:44:21,799 - benchmark - DEBUG - Skipping experiments/train/constant/DTW/s51 — already exists
2026-02-19 05:44:21,799 - benchmark - DEBUG - Skipping experiments/train/constant/DTW/s52 — already exists
2026-02-19 05:44:21,799 - benchmark - DEBUG - Skipping experiments/train/constant/DTW/s53 — already exists
2026-02-19 05:44:21,799 - benchmark - DEBUG - Skipping experiments/train/constant/DTW/s54 — already exists
2026-02-19 05:44:21,799 - benchmark - DEBUG - Skipping experiments/train/constant/DTW/s55 — already exists
2026-02-19 05:44:21,799 - benchmark - DEBUG - Skipping experiments/train/constant/DTW/s56 — already exists
2026-02-19 05:44:21,799 - benchmark - DEBUG - Skipping experiments/train/constant/DTW/s57 — already exists
2026-02-19 05:44:21,799 - benchmark - DEBUG - Skipping experiments/train/constant/DTW/s58 — already exists
2026-02-19 05:44:21,799 - benchmark - DEBUG - Skipping experiments/train/constant/DTW/s59 — already exists
2026-02-19 05:44:21,800 - benchmark - DEBUG - Skipping experiments/train/constant/DTW/s60 — already exists
2026-02-19 05:44:21,800 - benchmark - DEBUG - Skipping experiments/train/constant/DTW/s61 — already exists
2026-02-19 05:44:21,800 - benchmark - DEBUG - Skipping experiments/train/constant/DTW/s62 — already exists
2026-02-19 05:44:21,800 - benchmark - DEBUG - Skipping experiments/train/constant/DTW/s63 — already exists
2026-02-19 05:44:21,800 - benchmark - DEBUG - Skipping experiments/train/constant/DTW/s64 — already exists
2026-02-19 05:44:21,800 - benchmark - DEBUG - Skipping experiments/train/constant/DTW/s65 — already exists
2026-02-19 05:44:21,800 - benchmark - DEBUG - Skipping experiments/train/constant/DTW/s66 — already exists
2026-02-19 05:44:21,800 - benchmark - DEBUG - Skipping experiments/train/constant/DTW/s67 — already exists
2026-02-19 05:44:21,800 - benchmark - DEBUG - Skipping experiments/train/constant/DTW/s68 — already exists
2026-02-19 05:44:21,800 - benchmark - DEBUG - Skipping experiments/train/constant/DTW/s69 — already exists
2026-02-19 05:44:21,800 - benchmark - DEBUG - Skipping experiments/train/constant/DTW/s70 — already exists
2026-02-19 05:44:21,800 - benchmark - DEBUG - Skipping experiments/train/constant/DTW/s71 — already exists
2026-02-19 05:44:21,800 - benchmark - DEBUG - Skipping experiments/train/constant/DTW/s72 — already exists
2026-02-19 05:44:21,800 - benchmark - DEBUG - Skipping experiments/train/constant/DTW/s73 — already exists
2026-02-19 05:44:21,800 - benchmark - DEBUG - Skipping experiments/train/constant/DTW/s74 — already exists
2026-02-19 05:44:21,800 - benchmark - DEBUG - Skipping experiments/train/constant/DTW/s75 — already exists
2026-02-19 05:44:21,800 - benchmark - INFO -     System: NOA
2026-02-19 05:44:21,800 - benchmark - DEBUG - Skipping experiments/train/constant/NOA/s1 — already exists
2026-02-19 05:44:21,800 - benchmark - DEBUG - Skipping experiments/train/constant/NOA/s2 — already exists
2026-02-19 05:44:21,800 - benchmark - DEBUG - Skipping experiments/train/constant/NOA/s3 — already exists
2026-02-19 05:44:21,800 - benchmark - DEBUG - Skipping experiments/train/constant/NOA/s4 — already exists
2026-02-19 05:44:21,800 - benchmark - DEBUG - Skipping experiments/train/constant/NOA/s5 — already exists
2026-02-19 05:44:21,800 - benchmark - DEBUG - Skipping experiments/train/constant/NOA/s6 — already exists
2026-02-19 05:44:21,800 - benchmark - DEBUG - Skipping experiments/train/constant/NOA/s7 — already exists
2026-02-19 05:44:21,801 - benchmark - DEBUG - Skipping experiments/train/constant/NOA/s8 — already exists
2026-02-19 05:44:21,801 - benchmark - DEBUG - Skipping experiments/train/constant/NOA/s9 — already exists
2026-02-19 05:44:21,801 - benchmark - DEBUG - Skipping experiments/train/constant/NOA/s10 — already exists
2026-02-19 05:44:21,801 - benchmark - DEBUG - Skipping experiments/train/constant/NOA/s11 — already exists
2026-02-19 05:44:21,801 - benchmark - DEBUG - Skipping experiments/train/constant/NOA/s12 — already exists
2026-02-19 05:44:21,801 - benchmark - DEBUG - Skipping experiments/train/constant/NOA/s13 — already exists
2026-02-19 05:44:21,801 - benchmark - DEBUG - Skipping experiments/train/constant/NOA/s14 — already exists
2026-02-19 05:44:21,801 - benchmark - DEBUG - Skipping experiments/train/constant/NOA/s15 — already exists
2026-02-19 05:44:21,801 - benchmark - DEBUG - Skipping experiments/train/constant/NOA/s16 — already exists
2026-02-19 05:44:21,801 - benchmark - DEBUG - Skipping experiments/train/constant/NOA/s17 — already exists
2026-02-19 05:44:21,801 - benchmark - DEBUG - Skipping experiments/train/constant/NOA/s18 — already exists
2026-02-19 05:44:21,801 - benchmark - DEBUG - Skipping experiments/train/constant/NOA/s19 — already exists
2026-02-19 05:44:21,801 - benchmark - DEBUG - Skipping experiments/train/constant/NOA/s20 — already exists
2026-02-19 05:44:21,801 - benchmark - DEBUG - Skipping experiments/train/constant/NOA/s21 — already exists
2026-02-19 05:44:21,801 - benchmark - DEBUG - Skipping experiments/train/constant/NOA/s22 — already exists
2026-02-19 05:44:21,801 - benchmark - DEBUG - Skipping experiments/train/constant/NOA/s23 — already exists
2026-02-19 05:44:21,801 - benchmark - DEBUG - Skipping experiments/train/constant/NOA/s24 — already exists
2026-02-19 05:44:21,801 - benchmark - DEBUG - Skipping experiments/train/constant/NOA/s25 — already exists
2026-02-19 05:44:21,801 - benchmark - DEBUG - Skipping experiments/train/constant/NOA/s26 — already exists
2026-02-19 05:44:21,801 - benchmark - DEBUG - Skipping experiments/train/constant/NOA/s27 — already exists
2026-02-19 05:44:21,801 - benchmark - DEBUG - Skipping experiments/train/constant/NOA/s28 — already exists
2026-02-19 05:44:21,801 - benchmark - DEBUG - Skipping experiments/train/constant/NOA/s29 — already exists
2026-02-19 05:44:21,801 - benchmark - DEBUG - Skipping experiments/train/constant/NOA/s30 — already exists
2026-02-19 05:44:21,801 - benchmark - DEBUG - Skipping experiments/train/constant/NOA/s31 — already exists
2026-02-19 05:44:21,801 - benchmark - DEBUG - Skipping experiments/train/constant/NOA/s32 — already exists
2026-02-19 05:44:21,801 - benchmark - DEBUG - Skipping experiments/train/constant/NOA/s33 — already exists
2026-02-19 05:44:21,801 - benchmark - DEBUG - Skipping experiments/train/constant/NOA/s34 — already exists
2026-02-19 05:44:21,801 - benchmark - DEBUG - Skipping experiments/train/constant/NOA/s35 — already exists
2026-02-19 05:44:21,801 - benchmark - DEBUG - Skipping experiments/train/constant/NOA/s36 — already exists
2026-02-19 05:44:21,801 - benchmark - DEBUG - Skipping experiments/train/constant/NOA/s37 — already exists
2026-02-19 05:44:21,801 - benchmark - DEBUG - Skipping experiments/train/constant/NOA/s38 — already exists
2026-02-19 05:44:21,801 - benchmark - DEBUG - Skipping experiments/train/constant/NOA/s39 — already exists
2026-02-19 05:44:21,801 - benchmark - DEBUG - Skipping experiments/train/constant/NOA/s40 — already exists
2026-02-19 05:44:21,801 - benchmark - DEBUG - Skipping experiments/train/constant/NOA/s41 — already exists
2026-02-19 05:44:21,801 - benchmark - DEBUG - Skipping experiments/train/constant/NOA/s42 — already exists
2026-02-19 05:44:21,801 - benchmark - DEBUG - Skipping experiments/train/constant/NOA/s43 — already exists
2026-02-19 05:44:21,802 - benchmark - DEBUG - Skipping experiments/train/constant/NOA/s44 — already exists
2026-02-19 05:44:21,802 - benchmark - DEBUG - Skipping experiments/train/constant/NOA/s45 — already exists
2026-02-19 05:44:21,802 - benchmark - DEBUG - Skipping experiments/train/constant/NOA/s46 — already exists
2026-02-19 05:44:21,802 - benchmark - DEBUG - Skipping experiments/train/constant/NOA/s47 — already exists
2026-02-19 05:44:21,802 - benchmark - DEBUG - Skipping experiments/train/constant/NOA/s48 — already exists
2026-02-19 05:44:21,802 - benchmark - DEBUG - Skipping experiments/train/constant/NOA/s49 — already exists
2026-02-19 05:44:21,802 - benchmark - DEBUG - Skipping experiments/train/constant/NOA/s50 — already exists
2026-02-19 05:44:21,802 - benchmark - DEBUG - Skipping experiments/train/constant/NOA/s51 — already exists
2026-02-19 05:44:21,802 - benchmark - DEBUG - Skipping experiments/train/constant/NOA/s52 — already exists
2026-02-19 05:44:21,802 - benchmark - DEBUG - Skipping experiments/train/constant/NOA/s53 — already exists
2026-02-19 05:44:21,802 - benchmark - DEBUG - Skipping experiments/train/constant/NOA/s54 — already exists
2026-02-19 05:44:21,802 - benchmark - DEBUG - Skipping experiments/train/constant/NOA/s55 — already exists
2026-02-19 05:44:21,802 - benchmark - DEBUG - Skipping experiments/train/constant/NOA/s56 — already exists
2026-02-19 05:44:21,802 - benchmark - DEBUG - Skipping experiments/train/constant/NOA/s57 — already exists
2026-02-19 05:44:21,802 - benchmark - DEBUG - Skipping experiments/train/constant/NOA/s58 — already exists
2026-02-19 05:44:21,802 - benchmark - DEBUG - Skipping experiments/train/constant/NOA/s59 — already exists
2026-02-19 05:44:21,802 - benchmark - DEBUG - Skipping experiments/train/constant/NOA/s60 — already exists
2026-02-19 05:44:21,802 - benchmark - DEBUG - Skipping experiments/train/constant/NOA/s61 — already exists
2026-02-19 05:44:21,802 - benchmark - DEBUG - Skipping experiments/train/constant/NOA/s62 — already exists
2026-02-19 05:44:21,802 - benchmark - DEBUG - Skipping experiments/train/constant/NOA/s63 — already exists
2026-02-19 05:44:21,802 - benchmark - DEBUG - Skipping experiments/train/constant/NOA/s64 — already exists
2026-02-19 05:44:21,802 - benchmark - DEBUG - Skipping experiments/train/constant/NOA/s65 — already exists
2026-02-19 05:44:21,802 - benchmark - DEBUG - Skipping experiments/train/constant/NOA/s66 — already exists
2026-02-19 05:44:21,802 - benchmark - DEBUG - Skipping experiments/train/constant/NOA/s67 — already exists
2026-02-19 05:44:21,802 - benchmark - DEBUG - Skipping experiments/train/constant/NOA/s68 — already exists
2026-02-19 05:44:21,802 - benchmark - DEBUG - Skipping experiments/train/constant/NOA/s69 — already exists
2026-02-19 05:44:21,802 - benchmark - DEBUG - Skipping experiments/train/constant/NOA/s70 — already exists
2026-02-19 05:44:21,802 - benchmark - DEBUG - Skipping experiments/train/constant/NOA/s71 — already exists
2026-02-19 05:44:21,802 - benchmark - DEBUG - Skipping experiments/train/constant/NOA/s72 — already exists
2026-02-19 05:44:21,802 - benchmark - DEBUG - Skipping experiments/train/constant/NOA/s73 — already exists
2026-02-19 05:44:21,802 - benchmark - DEBUG - Skipping experiments/train/constant/NOA/s74 — already exists
2026-02-19 05:44:21,802 - benchmark - DEBUG - Skipping experiments/train/constant/NOA/s75 — already exists
2026-02-19 05:44:21,803 - benchmark - INFO -     System: NOA_MONOTONIC
2026-02-19 05:44:21,803 - benchmark - DEBUG - Skipping experiments/train/constant/NOA_MONOTONIC/s1 — already exists
2026-02-19 05:44:21,803 - benchmark - DEBUG - Skipping experiments/train/constant/NOA_MONOTONIC/s2 — already exists
2026-02-19 05:44:21,803 - benchmark - DEBUG - Skipping experiments/train/constant/NOA_MONOTONIC/s3 — already exists
2026-02-19 05:44:21,803 - benchmark - DEBUG - Skipping experiments/train/constant/NOA_MONOTONIC/s4 — already exists
2026-02-19 05:44:21,803 - benchmark - DEBUG - Skipping experiments/train/constant/NOA_MONOTONIC/s5 — already exists
2026-02-19 05:44:21,803 - benchmark - DEBUG - Skipping experiments/train/constant/NOA_MONOTONIC/s6 — already exists
2026-02-19 05:44:21,803 - benchmark - DEBUG - Skipping experiments/train/constant/NOA_MONOTONIC/s7 — already exists
2026-02-19 05:44:21,803 - benchmark - DEBUG - Skipping experiments/train/constant/NOA_MONOTONIC/s8 — already exists
2026-02-19 05:44:21,803 - benchmark - DEBUG - Skipping experiments/train/constant/NOA_MONOTONIC/s9 — already exists
2026-02-19 05:44:21,803 - benchmark - DEBUG - Skipping experiments/train/constant/NOA_MONOTONIC/s10 — already exists
2026-02-19 05:44:21,803 - benchmark - DEBUG - Skipping experiments/train/constant/NOA_MONOTONIC/s11 — already exists
2026-02-19 05:44:21,803 - benchmark - DEBUG - Skipping experiments/train/constant/NOA_MONOTONIC/s12 — already exists
2026-02-19 05:44:21,803 - benchmark - DEBUG - Skipping experiments/train/constant/NOA_MONOTONIC/s13 — already exists
2026-02-19 05:44:21,803 - benchmark - DEBUG - Skipping experiments/train/constant/NOA_MONOTONIC/s14 — already exists
2026-02-19 05:44:21,803 - benchmark - DEBUG - Skipping experiments/train/constant/NOA_MONOTONIC/s15 — already exists
2026-02-19 05:44:21,803 - benchmark - DEBUG - Skipping experiments/train/constant/NOA_MONOTONIC/s16 — already exists
2026-02-19 05:44:21,803 - benchmark - DEBUG - Skipping experiments/train/constant/NOA_MONOTONIC/s17 — already exists
2026-02-19 05:44:21,803 - benchmark - DEBUG - Skipping experiments/train/constant/NOA_MONOTONIC/s18 — already exists
2026-02-19 05:44:21,803 - benchmark - DEBUG - Skipping experiments/train/constant/NOA_MONOTONIC/s19 — already exists
2026-02-19 05:44:21,803 - benchmark - DEBUG - Skipping experiments/train/constant/NOA_MONOTONIC/s20 — already exists
2026-02-19 05:44:21,803 - benchmark - DEBUG - Skipping experiments/train/constant/NOA_MONOTONIC/s21 — already exists
2026-02-19 05:44:21,803 - benchmark - DEBUG - Skipping experiments/train/constant/NOA_MONOTONIC/s22 — already exists
2026-02-19 05:44:21,803 - benchmark - DEBUG - Skipping experiments/train/constant/NOA_MONOTONIC/s23 — already exists
2026-02-19 05:44:21,803 - benchmark - DEBUG - Skipping experiments/train/constant/NOA_MONOTONIC/s24 — already exists
2026-02-19 05:44:21,803 - benchmark - DEBUG - Skipping experiments/train/constant/NOA_MONOTONIC/s25 — already exists
2026-02-19 05:44:21,803 - benchmark - DEBUG - Skipping experiments/train/constant/NOA_MONOTONIC/s26 — already exists
2026-02-19 05:44:21,803 - benchmark - DEBUG - Skipping experiments/train/constant/NOA_MONOTONIC/s27 — already exists
2026-02-19 05:44:21,803 - benchmark - DEBUG - Skipping experiments/train/constant/NOA_MONOTONIC/s28 — already exists
2026-02-19 05:44:21,804 - benchmark - DEBUG - Skipping experiments/train/constant/NOA_MONOTONIC/s29 — already exists
2026-02-19 05:44:21,804 - benchmark - DEBUG - Skipping experiments/train/constant/NOA_MONOTONIC/s30 — already exists
2026-02-19 05:44:21,804 - benchmark - DEBUG - Skipping experiments/train/constant/NOA_MONOTONIC/s31 — already exists
2026-02-19 05:44:21,804 - benchmark - DEBUG - Skipping experiments/train/constant/NOA_MONOTONIC/s32 — already exists
2026-02-19 05:44:21,804 - benchmark - DEBUG - Skipping experiments/train/constant/NOA_MONOTONIC/s33 — already exists
2026-02-19 05:44:21,804 - benchmark - DEBUG - Skipping experiments/train/constant/NOA_MONOTONIC/s34 — already exists
2026-02-19 05:44:21,804 - benchmark - DEBUG - Skipping experiments/train/constant/NOA_MONOTONIC/s35 — already exists
2026-02-19 05:44:21,804 - benchmark - DEBUG - Skipping experiments/train/constant/NOA_MONOTONIC/s36 — already exists
2026-02-19 05:44:21,804 - benchmark - DEBUG - Skipping experiments/train/constant/NOA_MONOTONIC/s37 — already exists
2026-02-19 05:44:21,804 - benchmark - DEBUG - Skipping experiments/train/constant/NOA_MONOTONIC/s38 — already exists
2026-02-19 05:44:21,804 - benchmark - DEBUG - Skipping experiments/train/constant/NOA_MONOTONIC/s39 — already exists
2026-02-19 05:44:21,804 - benchmark - DEBUG - Skipping experiments/train/constant/NOA_MONOTONIC/s40 — already exists
2026-02-19 05:44:21,804 - benchmark - DEBUG - Skipping experiments/train/constant/NOA_MONOTONIC/s41 — already exists
2026-02-19 05:44:21,804 - benchmark - DEBUG - Skipping experiments/train/constant/NOA_MONOTONIC/s42 — already exists
2026-02-19 05:44:21,804 - benchmark - DEBUG - Skipping experiments/train/constant/NOA_MONOTONIC/s43 — already exists
2026-02-19 05:44:21,804 - benchmark - DEBUG - Skipping experiments/train/constant/NOA_MONOTONIC/s44 — already exists
2026-02-19 05:44:21,804 - benchmark - DEBUG - Skipping experiments/train/constant/NOA_MONOTONIC/s45 — already exists
2026-02-19 05:44:21,804 - benchmark - DEBUG - Skipping experiments/train/constant/NOA_MONOTONIC/s46 — already exists
2026-02-19 05:44:21,804 - benchmark - DEBUG - Skipping experiments/train/constant/NOA_MONOTONIC/s47 — already exists
2026-02-19 05:44:21,804 - benchmark - DEBUG - Skipping experiments/train/constant/NOA_MONOTONIC/s48 — already exists
2026-02-19 05:44:21,804 - benchmark - DEBUG - Skipping experiments/train/constant/NOA_MONOTONIC/s49 — already exists
2026-02-19 05:44:21,804 - benchmark - DEBUG - Skipping experiments/train/constant/NOA_MONOTONIC/s50 — already exists
2026-02-19 05:44:21,804 - benchmark - DEBUG - Skipping experiments/train/constant/NOA_MONOTONIC/s51 — already exists
2026-02-19 05:44:21,804 - benchmark - DEBUG - Skipping experiments/train/constant/NOA_MONOTONIC/s52 — already exists
2026-02-19 05:44:21,804 - benchmark - DEBUG - Skipping experiments/train/constant/NOA_MONOTONIC/s53 — already exists
2026-02-19 05:44:21,804 - benchmark - DEBUG - Skipping experiments/train/constant/NOA_MONOTONIC/s54 — already exists
2026-02-19 05:44:21,804 - benchmark - DEBUG - Skipping experiments/train/constant/NOA_MONOTONIC/s55 — already exists
2026-02-19 05:44:21,804 - benchmark - DEBUG - Skipping experiments/train/constant/NOA_MONOTONIC/s56 — already exists
2026-02-19 05:44:21,804 - benchmark - DEBUG - Skipping experiments/train/constant/NOA_MONOTONIC/s57 — already exists
2026-02-19 05:44:21,804 - benchmark - DEBUG - Skipping experiments/train/constant/NOA_MONOTONIC/s58 — already exists
2026-02-19 05:44:21,804 - benchmark - DEBUG - Skipping experiments/train/constant/NOA_MONOTONIC/s59 — already exists
2026-02-19 05:44:21,804 - benchmark - DEBUG - Skipping experiments/train/constant/NOA_MONOTONIC/s60 — already exists
2026-02-19 05:44:21,804 - benchmark - DEBUG - Skipping experiments/train/constant/NOA_MONOTONIC/s61 — already exists
2026-02-19 05:44:21,804 - benchmark - DEBUG - Skipping experiments/train/constant/NOA_MONOTONIC/s62 — already exists
2026-02-19 05:44:21,804 - benchmark - DEBUG - Skipping experiments/train/constant/NOA_MONOTONIC/s63 — already exists
2026-02-19 05:44:21,804 - benchmark - DEBUG - Skipping experiments/train/constant/NOA_MONOTONIC/s64 — already exists
2026-02-19 05:44:21,805 - benchmark - DEBUG - Skipping experiments/train/constant/NOA_MONOTONIC/s65 — already exists
2026-02-19 05:44:21,805 - benchmark - DEBUG - Skipping experiments/train/constant/NOA_MONOTONIC/s66 — already exists
2026-02-19 05:44:21,805 - benchmark - DEBUG - Skipping experiments/train/constant/NOA_MONOTONIC/s67 — already exists
2026-02-19 05:44:21,805 - benchmark - DEBUG - Skipping experiments/train/constant/NOA_MONOTONIC/s68 — already exists
2026-02-19 05:44:21,805 - benchmark - DEBUG - Skipping experiments/train/constant/NOA_MONOTONIC/s69 — already exists
2026-02-19 05:44:21,805 - benchmark - DEBUG - Skipping experiments/train/constant/NOA_MONOTONIC/s70 — already exists
2026-02-19 05:44:21,805 - benchmark - DEBUG - Skipping experiments/train/constant/NOA_MONOTONIC/s71 — already exists
2026-02-19 05:44:21,805 - benchmark - DEBUG - Skipping experiments/train/constant/NOA_MONOTONIC/s72 — already exists
2026-02-19 05:44:21,805 - benchmark - DEBUG - Skipping experiments/train/constant/NOA_MONOTONIC/s73 — already exists
2026-02-19 05:44:21,805 - benchmark - DEBUG - Skipping experiments/train/constant/NOA_MONOTONIC/s74 — already exists
2026-02-19 05:44:21,805 - benchmark - DEBUG - Skipping experiments/train/constant/NOA_MONOTONIC/s75 — already exists
2026-02-19 05:44:21,805 - benchmark - INFO -     System: OLTW
2026-02-19 05:44:21,805 - benchmark - DEBUG - Skipping experiments/train/constant/OLTW/s1 — already exists
2026-02-19 05:44:21,805 - benchmark - DEBUG - Skipping experiments/train/constant/OLTW/s2 — already exists
2026-02-19 05:44:21,805 - benchmark - DEBUG - Skipping experiments/train/constant/OLTW/s3 — already exists
2026-02-19 05:44:21,805 - benchmark - DEBUG - Skipping experiments/train/constant/OLTW/s4 — already exists
2026-02-19 05:44:21,805 - benchmark - DEBUG - Skipping experiments/train/constant/OLTW/s5 — already exists
2026-02-19 05:44:21,805 - benchmark - DEBUG - Skipping experiments/train/constant/OLTW/s6 — already exists
2026-02-19 05:44:21,805 - benchmark - DEBUG - Skipping experiments/train/constant/OLTW/s7 — already exists
2026-02-19 05:44:21,805 - benchmark - DEBUG - Skipping experiments/train/constant/OLTW/s8 — already exists
2026-02-19 05:44:21,805 - benchmark - DEBUG - Skipping experiments/train/constant/OLTW/s9 — already exists
2026-02-19 05:44:21,805 - benchmark - DEBUG - Skipping experiments/train/constant/OLTW/s10 — already exists
2026-02-19 05:44:21,805 - benchmark - DEBUG - Skipping experiments/train/constant/OLTW/s11 — already exists
2026-02-19 05:44:21,806 - benchmark - DEBUG - Skipping experiments/train/constant/OLTW/s12 — already exists
2026-02-19 05:44:21,806 - benchmark - DEBUG - Skipping experiments/train/constant/OLTW/s13 — already exists
2026-02-19 05:44:21,806 - benchmark - DEBUG - Skipping experiments/train/constant/OLTW/s14 — already exists
2026-02-19 05:44:21,806 - benchmark - DEBUG - Skipping experiments/train/constant/OLTW/s15 — already exists
2026-02-19 05:44:21,806 - benchmark - DEBUG - Skipping experiments/train/constant/OLTW/s16 — already exists
2026-02-19 05:44:21,806 - benchmark - DEBUG - Skipping experiments/train/constant/OLTW/s17 — already exists
2026-02-19 05:44:21,806 - benchmark - DEBUG - Skipping experiments/train/constant/OLTW/s18 — already exists
2026-02-19 05:44:21,806 - benchmark - DEBUG - Skipping experiments/train/constant/OLTW/s19 — already exists
2026-02-19 05:44:21,806 - benchmark - DEBUG - Skipping experiments/train/constant/OLTW/s20 — already exists
2026-02-19 05:44:21,806 - benchmark - DEBUG - Skipping experiments/train/constant/OLTW/s21 — already exists
2026-02-19 05:44:21,806 - benchmark - DEBUG - Skipping experiments/train/constant/OLTW/s22 — already exists
2026-02-19 05:44:21,806 - benchmark - DEBUG - Skipping experiments/train/constant/OLTW/s23 — already exists
2026-02-19 05:44:21,806 - benchmark - DEBUG - Skipping experiments/train/constant/OLTW/s24 — already exists
2026-02-19 05:44:21,806 - benchmark - DEBUG - Skipping experiments/train/constant/OLTW/s25 — already exists
2026-02-19 05:44:21,806 - benchmark - DEBUG - Skipping experiments/train/constant/OLTW/s26 — already exists
2026-02-19 05:44:21,806 - benchmark - DEBUG - Skipping experiments/train/constant/OLTW/s27 — already exists
2026-02-19 05:44:21,806 - benchmark - DEBUG - Skipping experiments/train/constant/OLTW/s28 — already exists
2026-02-19 05:44:21,806 - benchmark - DEBUG - Skipping experiments/train/constant/OLTW/s29 — already exists
2026-02-19 05:44:21,806 - benchmark - DEBUG - Skipping experiments/train/constant/OLTW/s30 — already exists
2026-02-19 05:44:21,806 - benchmark - DEBUG - Skipping experiments/train/constant/OLTW/s31 — already exists
2026-02-19 05:44:21,806 - benchmark - DEBUG - Skipping experiments/train/constant/OLTW/s32 — already exists
2026-02-19 05:44:21,806 - benchmark - DEBUG - Skipping experiments/train/constant/OLTW/s33 — already exists
2026-02-19 05:44:21,806 - benchmark - DEBUG - Skipping experiments/train/constant/OLTW/s34 — already exists
2026-02-19 05:44:21,806 - benchmark - DEBUG - Skipping experiments/train/constant/OLTW/s35 — already exists
2026-02-19 05:44:21,806 - benchmark - DEBUG - Skipping experiments/train/constant/OLTW/s36 — already exists
2026-02-19 05:44:21,806 - benchmark - DEBUG - Skipping experiments/train/constant/OLTW/s37 — already exists
2026-02-19 05:44:21,806 - benchmark - DEBUG - Skipping experiments/train/constant/OLTW/s38 — already exists
2026-02-19 05:44:21,806 - benchmark - DEBUG - Skipping experiments/train/constant/OLTW/s39 — already exists
2026-02-19 05:44:21,806 - benchmark - DEBUG - Skipping experiments/train/constant/OLTW/s40 — already exists
2026-02-19 05:44:21,806 - benchmark - DEBUG - Skipping experiments/train/constant/OLTW/s41 — already exists
2026-02-19 05:44:21,806 - benchmark - DEBUG - Skipping experiments/train/constant/OLTW/s42 — already exists
2026-02-19 05:44:21,806 - benchmark - DEBUG - Skipping experiments/train/constant/OLTW/s43 — already exists
2026-02-19 05:44:21,806 - benchmark - DEBUG - Skipping experiments/train/constant/OLTW/s44 — already exists
2026-02-19 05:44:21,806 - benchmark - DEBUG - Skipping experiments/train/constant/OLTW/s45 — already exists
2026-02-19 05:44:21,807 - benchmark - DEBUG - Skipping experiments/train/constant/OLTW/s46 — already exists
2026-02-19 05:44:21,807 - benchmark - DEBUG - Skipping experiments/train/constant/OLTW/s47 — already exists
2026-02-19 05:44:21,807 - benchmark - DEBUG - Skipping experiments/train/constant/OLTW/s48 — already exists
2026-02-19 05:44:21,807 - benchmark - DEBUG - Skipping experiments/train/constant/OLTW/s49 — already exists
2026-02-19 05:44:21,807 - benchmark - DEBUG - Skipping experiments/train/constant/OLTW/s50 — already exists
2026-02-19 05:44:21,807 - benchmark - DEBUG - Skipping experiments/train/constant/OLTW/s51 — already exists
2026-02-19 05:44:21,807 - benchmark - DEBUG - Skipping experiments/train/constant/OLTW/s52 — already exists
2026-02-19 05:44:21,807 - benchmark - DEBUG - Skipping experiments/train/constant/OLTW/s53 — already exists
2026-02-19 05:44:21,807 - benchmark - DEBUG - Skipping experiments/train/constant/OLTW/s54 — already exists
2026-02-19 05:44:21,807 - benchmark - DEBUG - Skipping experiments/train/constant/OLTW/s55 — already exists
2026-02-19 05:44:21,807 - benchmark - DEBUG - Skipping experiments/train/constant/OLTW/s56 — already exists
2026-02-19 05:44:21,807 - benchmark - DEBUG - Skipping experiments/train/constant/OLTW/s57 — already exists
2026-02-19 05:44:21,807 - benchmark - DEBUG - Skipping experiments/train/constant/OLTW/s58 — already exists
2026-02-19 05:44:21,807 - benchmark - DEBUG - Skipping experiments/train/constant/OLTW/s59 — already exists
2026-02-19 05:44:21,807 - benchmark - DEBUG - Skipping experiments/train/constant/OLTW/s60 — already exists
2026-02-19 05:44:21,807 - benchmark - DEBUG - Skipping experiments/train/constant/OLTW/s61 — already exists
2026-02-19 05:44:21,807 - benchmark - DEBUG - Skipping experiments/train/constant/OLTW/s62 — already exists
2026-02-19 05:44:21,807 - benchmark - DEBUG - Skipping experiments/train/constant/OLTW/s63 — already exists
2026-02-19 05:44:21,807 - benchmark - DEBUG - Skipping experiments/train/constant/OLTW/s64 — already exists
2026-02-19 05:44:21,807 - benchmark - DEBUG - Skipping experiments/train/constant/OLTW/s65 — already exists
2026-02-19 05:44:21,807 - benchmark - DEBUG - Skipping experiments/train/constant/OLTW/s66 — already exists
2026-02-19 05:44:21,807 - benchmark - DEBUG - Skipping experiments/train/constant/OLTW/s67 — already exists
2026-02-19 05:44:21,807 - benchmark - DEBUG - Skipping experiments/train/constant/OLTW/s68 — already exists
2026-02-19 05:44:21,807 - benchmark - DEBUG - Skipping experiments/train/constant/OLTW/s69 — already exists
2026-02-19 05:44:21,807 - benchmark - DEBUG - Skipping experiments/train/constant/OLTW/s70 — already exists
2026-02-19 05:44:21,807 - benchmark - DEBUG - Skipping experiments/train/constant/OLTW/s71 — already exists
2026-02-19 05:44:21,807 - benchmark - DEBUG - Skipping experiments/train/constant/OLTW/s72 — already exists
2026-02-19 05:44:21,807 - benchmark - DEBUG - Skipping experiments/train/constant/OLTW/s73 — already exists
2026-02-19 05:44:21,807 - benchmark - DEBUG - Skipping experiments/train/constant/OLTW/s74 — already exists
2026-02-19 05:44:21,807 - benchmark - DEBUG - Skipping experiments/train/constant/OLTW/s75 — already exists
2026-02-19 05:44:21,808 - benchmark - WARNING - No scenarios found in scenarios/train/random
2026-02-19 05:44:21,808 - benchmark - WARNING - No scenarios found in scenarios/train/continuous
2026-02-19 05:44:21,808 - benchmark - INFO - Experiment stage complete.
