2026-02-18 22:35:46,348 - benchmark - INFO - Logging to logs/benchmark_20260218_223546.log
2026-02-18 22:35:46,348 - benchmark - INFO - ======================================================================
2026-02-18 22:35:46,349 - benchmark - INFO - FULL PIPELINE: benchmark=train, systems=['DTW', 'NOA', 'NOA_MONOTONIC', 'OLTW']
2026-02-18 22:35:46,349 - benchmark - INFO - ======================================================================
2026-02-18 22:35:46,349 - benchmark - INFO - 
======================================================================
2026-02-18 22:35:46,349 - benchmark - INFO - STAGE 1: Query Generation
2026-02-18 22:35:46,349 - benchmark - INFO - ======================================================================
2026-02-18 22:35:46,349 - benchmark - INFO - Generating queries for benchmark=train, modes=['constant', 'random', 'continuous']
2026-02-18 22:35:46,349 - benchmark - INFO -   Mode: constant
2026-02-18 22:35:46,349 - benchmark - INFO -     tsm_factors=[0.8, 0.9, 1, 1.1, 1.25]
2026-02-18 22:43:25,641 - benchmark - INFO -   constant queries complete.
2026-02-18 22:43:25,642 - benchmark - INFO -   Mode: random
2026-02-18 22:43:25,642 - benchmark - INFO -     max_tsm_factor=2, num_queries=1
2026-02-18 22:46:01,117 - benchmark - INFO -   random queries complete.
2026-02-18 22:46:01,118 - benchmark - INFO -   Mode: continuous
2026-02-18 22:46:01,118 - benchmark - INFO -     max_alpha_change=1.005, num_queries=1
2026-02-18 22:48:12,643 - benchmark - INFO -   continuous queries complete.
2026-02-18 22:48:12,643 - benchmark - INFO - Query generation complete.
2026-02-18 22:48:12,643 - benchmark - INFO - Verifying generated queries...
2026-02-18 22:48:12,646 - benchmark - INFO - Query verification passed.
2026-02-18 22:48:12,646 - benchmark - INFO - 
======================================================================
2026-02-18 22:48:12,646 - benchmark - INFO - STAGE 2: Scenario Generation
2026-02-18 22:48:12,646 - benchmark - INFO - ======================================================================
2026-02-18 22:48:12,646 - benchmark - INFO - Generating scenarios for 4 pieces, modes=['constant', 'random', 'continuous']
2026-02-18 22:48:12,647 - benchmark - INFO -   Processing piece: rach2_mov1
2026-02-18 22:48:12,705 - benchmark - ERROR - Error generating random scenarios for rach2_mov1: 
Traceback (most recent call last):
  File "/mnt/data0/slubis/PianoConcertoAccompaniment/benchmark.py", line 334, in cmd_scenarios
    res = generateScenariosRandom(
  File "/mnt/data0/slubis/PianoConcertoAccompaniment/utils/query/scenario.py", line 139, in generateScenariosRandom
    assert os.path.exists(tsm_annot_file)
AssertionError
2026-02-18 22:48:12,705 - benchmark - ERROR - Error generating continuous scenarios for rach2_mov1: 
Traceback (most recent call last):
  File "/mnt/data0/slubis/PianoConcertoAccompaniment/benchmark.py", line 342, in cmd_scenarios
    res = generateScenariosContinuous(
  File "/mnt/data0/slubis/PianoConcertoAccompaniment/utils/query/scenario.py", line 215, in generateScenariosContinuous
    assert os.path.exists(tsm_annot_file)
AssertionError
2026-02-18 22:48:12,706 - benchmark - INFO -   Processing piece: mozart21_mov1
2026-02-18 22:48:12,769 - benchmark - ERROR - Error generating random scenarios for mozart21_mov1: 
Traceback (most recent call last):
  File "/mnt/data0/slubis/PianoConcertoAccompaniment/benchmark.py", line 334, in cmd_scenarios
    res = generateScenariosRandom(
  File "/mnt/data0/slubis/PianoConcertoAccompaniment/utils/query/scenario.py", line 139, in generateScenariosRandom
    assert os.path.exists(tsm_annot_file)
AssertionError
2026-02-18 22:48:12,770 - benchmark - ERROR - Error generating continuous scenarios for mozart21_mov1: 
Traceback (most recent call last):
  File "/mnt/data0/slubis/PianoConcertoAccompaniment/benchmark.py", line 342, in cmd_scenarios
    res = generateScenariosContinuous(
  File "/mnt/data0/slubis/PianoConcertoAccompaniment/utils/query/scenario.py", line 215, in generateScenariosContinuous
    assert os.path.exists(tsm_annot_file)
AssertionError
2026-02-18 22:48:12,770 - benchmark - INFO -   Processing piece: beeth1_mov1
2026-02-18 22:48:12,834 - benchmark - ERROR - Error generating random scenarios for beeth1_mov1: 
Traceback (most recent call last):
  File "/mnt/data0/slubis/PianoConcertoAccompaniment/benchmark.py", line 334, in cmd_scenarios
    res = generateScenariosRandom(
  File "/mnt/data0/slubis/PianoConcertoAccompaniment/utils/query/scenario.py", line 139, in generateScenariosRandom
    assert os.path.exists(tsm_annot_file)
AssertionError
2026-02-18 22:48:12,834 - benchmark - ERROR - Error generating continuous scenarios for beeth1_mov1: 
Traceback (most recent call last):
  File "/mnt/data0/slubis/PianoConcertoAccompaniment/benchmark.py", line 342, in cmd_scenarios
    res = generateScenariosContinuous(
  File "/mnt/data0/slubis/PianoConcertoAccompaniment/utils/query/scenario.py", line 215, in generateScenariosContinuous
    assert os.path.exists(tsm_annot_file)
AssertionError
2026-02-18 22:48:12,834 - benchmark - INFO -   Processing piece: bach5_mov1
2026-02-18 22:48:12,862 - benchmark - ERROR - Error generating random scenarios for bach5_mov1: 
Traceback (most recent call last):
  File "/mnt/data0/slubis/PianoConcertoAccompaniment/benchmark.py", line 334, in cmd_scenarios
    res = generateScenariosRandom(
  File "/mnt/data0/slubis/PianoConcertoAccompaniment/utils/query/scenario.py", line 139, in generateScenariosRandom
    assert os.path.exists(tsm_annot_file)
AssertionError
2026-02-18 22:48:12,862 - benchmark - ERROR - Error generating continuous scenarios for bach5_mov1: 
Traceback (most recent call last):
  File "/mnt/data0/slubis/PianoConcertoAccompaniment/benchmark.py", line 342, in cmd_scenarios
    res = generateScenariosContinuous(
  File "/mnt/data0/slubis/PianoConcertoAccompaniment/utils/query/scenario.py", line 215, in generateScenariosContinuous
    assert os.path.exists(tsm_annot_file)
AssertionError
2026-02-18 22:48:12,862 - benchmark - INFO -   constant: 75 scenarios → scenarios/train/constant/scenarios.summary
2026-02-18 22:48:12,862 - benchmark - INFO -   random: 0 scenarios generated (mode may not have been requested)
2026-02-18 22:48:12,863 - benchmark - INFO -   continuous: 0 scenarios generated (mode may not have been requested)
2026-02-18 22:48:12,863 - benchmark - INFO - Scenario generation complete.
2026-02-18 22:48:12,863 - benchmark - INFO - 
======================================================================
2026-02-18 22:48:12,863 - benchmark - INFO - STAGE 3: Feature Computation
2026-02-18 22:48:12,863 - benchmark - INFO - ======================================================================
2026-02-18 22:48:12,864 - benchmark - INFO - Computing chroma STFT features for 16 audio files
2026-02-18 22:48:15,270 - benchmark - DEBUG - Saved features: features/chroma_stft_norm2/rach2_mov1_P1.npy
2026-02-18 22:48:18,197 - benchmark - DEBUG - Saved features: features/chroma_stft_norm2/rach2_mov1_O1.npy
2026-02-18 22:48:20,880 - benchmark - DEBUG - Saved features: features/chroma_stft_norm2/rach2_mov1_PO1.npy
2026-02-18 22:48:23,331 - benchmark - DEBUG - Saved features: features/chroma_stft_norm2/rach2_mov1_PO2.npy
2026-02-18 22:48:26,530 - benchmark - DEBUG - Saved features: features/chroma_stft_norm2/mozart21_mov1_P1.npy
2026-02-18 22:48:30,355 - benchmark - DEBUG - Saved features: features/chroma_stft_norm2/mozart21_mov1_O1.npy
2026-02-18 22:48:33,220 - benchmark - DEBUG - Saved features: features/chroma_stft_norm2/mozart21_mov1_PO1.npy
2026-02-18 22:48:33,221 - benchmark - WARNING - Audio file not found, skipping: audio/mozart21_mov1_PO2.wav
2026-02-18 22:48:36,424 - benchmark - DEBUG - Saved features: features/chroma_stft_norm2/beeth1_mov1_P1.npy
2026-02-18 22:48:40,124 - benchmark - DEBUG - Saved features: features/chroma_stft_norm2/beeth1_mov1_O1.npy
2026-02-18 22:48:44,091 - benchmark - DEBUG - Saved features: features/chroma_stft_norm2/beeth1_mov1_PO1.npy
2026-02-18 22:48:48,720 - benchmark - DEBUG - Saved features: features/chroma_stft_norm2/beeth1_mov1_PO2.npy
2026-02-18 22:48:49,374 - benchmark - DEBUG - Saved features: features/chroma_stft_norm2/bach5_mov1_P1.npy
2026-02-18 22:48:50,148 - benchmark - DEBUG - Saved features: features/chroma_stft_norm2/bach5_mov1_O1.npy
2026-02-18 22:48:50,148 - benchmark - WARNING - Audio file not found, skipping: audio/bach5_mov1_PO1.wav
2026-02-18 22:48:50,915 - benchmark - DEBUG - Saved features: features/chroma_stft_norm2/bach5_mov1_PO2.npy
2026-02-18 22:48:50,916 - benchmark - INFO - Feature computation complete.
2026-02-18 22:48:50,916 - benchmark - INFO - 
======================================================================
2026-02-18 22:48:50,916 - benchmark - INFO - STAGE 4: Experiments
2026-02-18 22:48:50,916 - benchmark - INFO - ======================================================================
2026-02-18 22:48:50,916 - benchmark - INFO - Running experiments: benchmark=train, systems=['DTW', 'NOA', 'NOA_MONOTONIC', 'OLTW']
2026-02-18 22:48:50,917 - benchmark - INFO -   Mode: constant (75 scenarios)
2026-02-18 22:48:50,918 - benchmark - INFO -     System: DTW
2026-02-18 22:59:27,748 - benchmark - INFO -     System: NOA
2026-02-18 23:11:07,378 - benchmark - INFO -     System: NOA_MONOTONIC
2026-02-18 23:22:45,966 - benchmark - INFO -     System: OLTW
2026-02-18 23:25:14,264 - benchmark - WARNING - No scenarios found in scenarios/train/random
2026-02-18 23:25:14,265 - benchmark - WARNING - No scenarios found in scenarios/train/continuous
2026-02-18 23:25:14,265 - benchmark - INFO - Experiment stage complete.
2026-02-18 23:25:14,265 - benchmark - INFO - 
======================================================================
2026-02-18 23:25:14,265 - benchmark - INFO - STAGE 5: Evaluation
2026-02-18 23:25:14,265 - benchmark - INFO - ======================================================================
2026-02-18 23:25:14,265 - benchmark - INFO - Evaluating benchmark=train
2026-02-18 23:25:14,265 - benchmark - INFO -   Mode: constant, systems: ['NOA', 'NOA_MONOTONIC', 'OLTW', 'DTW']
2026-02-18 23:25:14,265 - benchmark - INFO -     Evaluating NOA...
2026-02-18 23:25:14,475 - benchmark - INFO -     NOA evaluation complete → eval/train/constant/NOA
2026-02-18 23:25:14,476 - benchmark - INFO -     Evaluating NOA_MONOTONIC...
2026-02-18 23:25:14,663 - benchmark - INFO -     NOA_MONOTONIC evaluation complete → eval/train/constant/NOA_MONOTONIC
2026-02-18 23:25:14,664 - benchmark - INFO -     Evaluating OLTW...
2026-02-18 23:25:14,850 - benchmark - INFO -     OLTW evaluation complete → eval/train/constant/OLTW
2026-02-18 23:25:14,850 - benchmark - INFO -     Evaluating DTW...
2026-02-18 23:25:15,035 - benchmark - INFO -     DTW evaluation complete → eval/train/constant/DTW
2026-02-18 23:25:15,035 - benchmark - WARNING - No experiments found for mode random, skipping.
2026-02-18 23:25:15,035 - benchmark - WARNING - No experiments found for mode continuous, skipping.
2026-02-18 23:25:15,035 - benchmark - INFO - Evaluation complete.
2026-02-18 23:25:15,035 - benchmark - INFO - 
======================================================================
2026-02-18 23:25:15,035 - benchmark - INFO - PIPELINE COMPLETE
2026-02-18 23:25:15,035 - benchmark - INFO - ======================================================================
