2026-02-19 05:29:23,285 - benchmark - INFO - Logging to logs/benchmark_20260219_052923.log
2026-02-19 05:29:23,285 - benchmark - INFO - Removing existing scenarios directory: scenarios/train
2026-02-19 05:29:23,514 - benchmark - INFO - Generating scenarios for 4 pieces, modes=['constant']
2026-02-19 05:29:23,514 - benchmark - INFO -   Processing piece: rach2_mov1
2026-02-19 05:29:23,521 - benchmark - ERROR - Error generating constant scenarios for rach2_mov1: [Errno 2] No such file or directory: 'queries/train/rach2_mov1_P1/tsm0.8/rach2_mov1_P1_tsm0.8_all.beats'
Traceback (most recent call last):
  File "/mnt/data0/slubis/PianoConcertoAccompaniment/benchmark.py", line 327, in cmd_scenarios
    res = generateScenariosConstant(
          ^^^^^^^^^^^^^^^^^^^^^^^^^^
  File "/mnt/data0/slubis/PianoConcertoAccompaniment/utils/query/scenario.py", line 66, in generateScenariosConstant
    measures, q_times = get_query_timestamps(piece_id, QUERY_MEASURES_FILE, tsm_annot_file)
                        ^^^^^^^^^^^^^^^^^^^^^^^^^^^^^^^^^^^^^^^^^^^^^^^^^^^^^^^^^^^^^^^^^^^
  File "/mnt/data0/slubis/PianoConcertoAccompaniment/utils/query/utils.py", line 33, in get_query_timestamps
    df = pd.read_csv(annot_file) # has two columns: start (timestamp) and measure (number)
         ^^^^^^^^^^^^^^^^^^^^^^^
  File "/home/slubis/ttmp/anaconda/lib/python3.11/site-packages/pandas/io/parsers/readers.py", line 948, in read_csv
    return _read(filepath_or_buffer, kwds)
           ^^^^^^^^^^^^^^^^^^^^^^^^^^^^^^^
  File "/home/slubis/ttmp/anaconda/lib/python3.11/site-packages/pandas/io/parsers/readers.py", line 611, in _read
    parser = TextFileReader(filepath_or_buffer, **kwds)
             ^^^^^^^^^^^^^^^^^^^^^^^^^^^^^^^^^^^^^^^^^^
  File "/home/slubis/ttmp/anaconda/lib/python3.11/site-packages/pandas/io/parsers/readers.py", line 1448, in __init__
    self._engine = self._make_engine(f, self.engine)
                   ^^^^^^^^^^^^^^^^^^^^^^^^^^^^^^^^^
  File "/home/slubis/ttmp/anaconda/lib/python3.11/site-packages/pandas/io/parsers/readers.py", line 1705, in _make_engine
    self.handles = get_handle(
                   ^^^^^^^^^^^
  File "/home/slubis/ttmp/anaconda/lib/python3.11/site-packages/pandas/io/common.py", line 863, in get_handle
    handle = open(
             ^^^^^
FileNotFoundError: [Errno 2] No such file or directory: 'queries/train/rach2_mov1_P1/tsm0.8/rach2_mov1_P1_tsm0.8_all.beats'
2026-02-19 05:29:23,547 - benchmark - INFO -   Processing piece: mozart21_mov1
2026-02-19 05:29:23,549 - benchmark - ERROR - Error generating constant scenarios for mozart21_mov1: [Errno 2] No such file or directory: 'queries/train/mozart21_mov1_P1/tsm0.8/mozart21_mov1_P1_tsm0.8_all.beats'
Traceback (most recent call last):
  File "/mnt/data0/slubis/PianoConcertoAccompaniment/benchmark.py", line 327, in cmd_scenarios
    res = generateScenariosConstant(
          ^^^^^^^^^^^^^^^^^^^^^^^^^^
  File "/mnt/data0/slubis/PianoConcertoAccompaniment/utils/query/scenario.py", line 66, in generateScenariosConstant
    measures, q_times = get_query_timestamps(piece_id, QUERY_MEASURES_FILE, tsm_annot_file)
                        ^^^^^^^^^^^^^^^^^^^^^^^^^^^^^^^^^^^^^^^^^^^^^^^^^^^^^^^^^^^^^^^^^^^
  File "/mnt/data0/slubis/PianoConcertoAccompaniment/utils/query/utils.py", line 33, in get_query_timestamps
    df = pd.read_csv(annot_file) # has two columns: start (timestamp) and measure (number)
         ^^^^^^^^^^^^^^^^^^^^^^^
  File "/home/slubis/ttmp/anaconda/lib/python3.11/site-packages/pandas/io/parsers/readers.py", line 948, in read_csv
    return _read(filepath_or_buffer, kwds)
           ^^^^^^^^^^^^^^^^^^^^^^^^^^^^^^^
  File "/home/slubis/ttmp/anaconda/lib/python3.11/site-packages/pandas/io/parsers/readers.py", line 611, in _read
    parser = TextFileReader(filepath_or_buffer, **kwds)
             ^^^^^^^^^^^^^^^^^^^^^^^^^^^^^^^^^^^^^^^^^^
  File "/home/slubis/ttmp/anaconda/lib/python3.11/site-packages/pandas/io/parsers/readers.py", line 1448, in __init__
    self._engine = self._make_engine(f, self.engine)
                   ^^^^^^^^^^^^^^^^^^^^^^^^^^^^^^^^^
  File "/home/slubis/ttmp/anaconda/lib/python3.11/site-packages/pandas/io/parsers/readers.py", line 1705, in _make_engine
    self.handles = get_handle(
                   ^^^^^^^^^^^
  File "/home/slubis/ttmp/anaconda/lib/python3.11/site-packages/pandas/io/common.py", line 863, in get_handle
    handle = open(
             ^^^^^
FileNotFoundError: [Errno 2] No such file or directory: 'queries/train/mozart21_mov1_P1/tsm0.8/mozart21_mov1_P1_tsm0.8_all.beats'
2026-02-19 05:29:23,556 - benchmark - INFO -   Processing piece: beeth1_mov1
2026-02-19 05:29:23,559 - benchmark - ERROR - Error generating constant scenarios for beeth1_mov1: [Errno 2] No such file or directory: 'queries/train/beeth1_mov1_P1/tsm0.8/beeth1_mov1_P1_tsm0.8_all.beats'
Traceback (most recent call last):
  File "/mnt/data0/slubis/PianoConcertoAccompaniment/benchmark.py", line 327, in cmd_scenarios
    res = generateScenariosConstant(
          ^^^^^^^^^^^^^^^^^^^^^^^^^^
  File "/mnt/data0/slubis/PianoConcertoAccompaniment/utils/query/scenario.py", line 66, in generateScenariosConstant
    measures, q_times = get_query_timestamps(piece_id, QUERY_MEASURES_FILE, tsm_annot_file)
                        ^^^^^^^^^^^^^^^^^^^^^^^^^^^^^^^^^^^^^^^^^^^^^^^^^^^^^^^^^^^^^^^^^^^
  File "/mnt/data0/slubis/PianoConcertoAccompaniment/utils/query/utils.py", line 33, in get_query_timestamps
    df = pd.read_csv(annot_file) # has two columns: start (timestamp) and measure (number)
         ^^^^^^^^^^^^^^^^^^^^^^^
  File "/home/slubis/ttmp/anaconda/lib/python3.11/site-packages/pandas/io/parsers/readers.py", line 948, in read_csv
    return _read(filepath_or_buffer, kwds)
           ^^^^^^^^^^^^^^^^^^^^^^^^^^^^^^^
  File "/home/slubis/ttmp/anaconda/lib/python3.11/site-packages/pandas/io/parsers/readers.py", line 611, in _read
    parser = TextFileReader(filepath_or_buffer, **kwds)
             ^^^^^^^^^^^^^^^^^^^^^^^^^^^^^^^^^^^^^^^^^^
  File "/home/slubis/ttmp/anaconda/lib/python3.11/site-packages/pandas/io/parsers/readers.py", line 1448, in __init__
    self._engine = self._make_engine(f, self.engine)
                   ^^^^^^^^^^^^^^^^^^^^^^^^^^^^^^^^^
  File "/home/slubis/ttmp/anaconda/lib/python3.11/site-packages/pandas/io/parsers/readers.py", line 1705, in _make_engine
    self.handles = get_handle(
                   ^^^^^^^^^^^
  File "/home/slubis/ttmp/anaconda/lib/python3.11/site-packages/pandas/io/common.py", line 863, in get_handle
    handle = open(
             ^^^^^
FileNotFoundError: [Errno 2] No such file or directory: 'queries/train/beeth1_mov1_P1/tsm0.8/beeth1_mov1_P1_tsm0.8_all.beats'
2026-02-19 05:29:23,563 - benchmark - INFO -   Processing piece: bach5_mov1
2026-02-19 05:29:23,565 - benchmark - ERROR - Error generating constant scenarios for bach5_mov1: [Errno 2] No such file or directory: 'queries/train/bach5_mov1_P1/tsm0.8/bach5_mov1_P1_tsm0.8_all.beats'
Traceback (most recent call last):
  File "/mnt/data0/slubis/PianoConcertoAccompaniment/benchmark.py", line 327, in cmd_scenarios
    res = generateScenariosConstant(
          ^^^^^^^^^^^^^^^^^^^^^^^^^^
  File "/mnt/data0/slubis/PianoConcertoAccompaniment/utils/query/scenario.py", line 66, in generateScenariosConstant
    measures, q_times = get_query_timestamps(piece_id, QUERY_MEASURES_FILE, tsm_annot_file)
                        ^^^^^^^^^^^^^^^^^^^^^^^^^^^^^^^^^^^^^^^^^^^^^^^^^^^^^^^^^^^^^^^^^^^
  File "/mnt/data0/slubis/PianoConcertoAccompaniment/utils/query/utils.py", line 33, in get_query_timestamps
    df = pd.read_csv(annot_file) # has two columns: start (timestamp) and measure (number)
         ^^^^^^^^^^^^^^^^^^^^^^^
  File "/home/slubis/ttmp/anaconda/lib/python3.11/site-packages/pandas/io/parsers/readers.py", line 948, in read_csv
    return _read(filepath_or_buffer, kwds)
           ^^^^^^^^^^^^^^^^^^^^^^^^^^^^^^^
  File "/home/slubis/ttmp/anaconda/lib/python3.11/site-packages/pandas/io/parsers/readers.py", line 611, in _read
    parser = TextFileReader(filepath_or_buffer, **kwds)
             ^^^^^^^^^^^^^^^^^^^^^^^^^^^^^^^^^^^^^^^^^^
  File "/home/slubis/ttmp/anaconda/lib/python3.11/site-packages/pandas/io/parsers/readers.py", line 1448, in __init__
    self._engine = self._make_engine(f, self.engine)
                   ^^^^^^^^^^^^^^^^^^^^^^^^^^^^^^^^^
  File "/home/slubis/ttmp/anaconda/lib/python3.11/site-packages/pandas/io/parsers/readers.py", line 1705, in _make_engine
    self.handles = get_handle(
                   ^^^^^^^^^^^
  File "/home/slubis/ttmp/anaconda/lib/python3.11/site-packages/pandas/io/common.py", line 863, in get_handle
    handle = open(
             ^^^^^
FileNotFoundError: [Errno 2] No such file or directory: 'queries/train/bach5_mov1_P1/tsm0.8/bach5_mov1_P1_tsm0.8_all.beats'
2026-02-19 05:29:23,568 - benchmark - INFO -   constant: 0 scenarios generated (mode may not have been requested)
2026-02-19 05:29:23,568 - benchmark - INFO -   random: 0 scenarios generated (mode may not have been requested)
2026-02-19 05:29:23,569 - benchmark - INFO -   continuous: 0 scenarios generated (mode may not have been requested)
2026-02-19 05:29:23,569 - benchmark - INFO - Scenario generation complete.
